\BOOKMARK [0][-]{chapter.1}{\376\377\000I\000n\000t\000r\000o\000d\000u\000c\000t\000i\000o\000n}{}% 1
\BOOKMARK [1][-]{section.1.1}{\376\377\000P\000r\000o\000j\000e\000c\000t\000\040\000O\000v\000e\000r\000v\000i\000e\000w}{chapter.1}% 2
\BOOKMARK [1][-]{section.1.2}{\376\377\000M\000o\000t\000i\000v\000a\000t\000i\000o\000n\000\040\000a\000n\000d\000\040\000K\000e\000y\000\040\000F\000e\000a\000t\000u\000r\000e\000s}{chapter.1}% 3
\BOOKMARK [0][-]{chapter.2}{\376\377\000S\000y\000s\000t\000e\000m\000\040\000D\000e\000s\000i\000g\000n}{}% 4
\BOOKMARK [1][-]{section.2.1}{\376\377\000S\000y\000s\000t\000e\000m\000\040\000A\000r\000c\000h\000i\000t\000e\000c\000t\000u\000r\000e}{chapter.2}% 5
\BOOKMARK [2][-]{subsection.2.1.1}{\376\377\000A\000r\000c\000h\000i\000t\000e\000c\000t\000u\000r\000a\000l\000\040\000L\000a\000y\000e\000r\000s}{section.2.1}% 6
\BOOKMARK [1][-]{section.2.2}{\376\377\000R\000e\000q\000u\000i\000r\000e\000m\000e\000n\000t\000s\000\040\000A\000n\000a\000l\000y\000s\000i\000s}{chapter.2}% 7
\BOOKMARK [2][-]{subsection.2.2.1}{\376\377\000M\000a\000i\000n\000\040\000A\000c\000t\000o\000r\000s}{section.2.2}% 8
\BOOKMARK [2][-]{subsection.2.2.2}{\376\377\000F\000u\000n\000c\000t\000i\000o\000n\000a\000l\000\040\000R\000e\000q\000u\000i\000r\000e\000m\000e\000n\000t\000s}{section.2.2}% 9
\BOOKMARK [2][-]{subsection.2.2.3}{\376\377\000N\000o\000n\000-\000F\000u\000n\000c\000t\000i\000o\000n\000a\000l\000\040\000R\000e\000q\000u\000i\000r\000e\000m\000e\000n\000t\000s}{section.2.2}% 10
\BOOKMARK [1][-]{section.2.3}{\376\377\000E\000x\000p\000e\000c\000t\000e\000d\000\040\000W\000o\000r\000k\000l\000o\000a\000d\000\040\000D\000i\000s\000t\000r\000i\000b\000u\000t\000i\000o\000n}{chapter.2}% 11
\BOOKMARK [2][-]{subsection.2.3.1}{\376\377\000W\000o\000r\000k\000l\000o\000a\000d\000\040\000P\000r\000o\000f\000i\000l\000e\000\040\000\050\000O\000L\000T\000P\000\040\000v\000s\000.\000\040\000O\000L\000A\000P\000\051}{section.2.3}% 12
\BOOKMARK [1][-]{section.2.4}{\376\377\000U\000M\000L\000\040\000C\000l\000a\000s\000s\000\040\000D\000i\000a\000g\000r\000a\000m}{chapter.2}% 13
\BOOKMARK [1][-]{section.2.5}{\376\377\000U\000s\000e\000r\000\040\000I\000n\000t\000e\000r\000f\000a\000c\000e\000\040\000C\000o\000n\000c\000e\000p\000t\000\040\000a\000n\000d\000\040\000M\000o\000c\000k\000-\000u\000p\000s}{chapter.2}% 14
\BOOKMARK [2][-]{subsection.2.5.1}{\376\377\000U\000n\000r\000e\000g\000i\000s\000t\000e\000r\000e\000d\000\040\000U\000s\000e\000r\000\040\000E\000x\000p\000e\000r\000i\000e\000n\000c\000e}{section.2.5}% 15
\BOOKMARK [2][-]{subsection.2.5.2}{\376\377\000R\000e\000g\000i\000s\000t\000e\000r\000e\000d\000\040\000U\000s\000e\000r\000\040\000E\000x\000p\000e\000r\000i\000e\000n\000c\000e}{section.2.5}% 16
\BOOKMARK [2][-]{subsection.2.5.3}{\376\377\000A\000d\000m\000i\000n\000i\000s\000t\000r\000a\000t\000o\000r\000\040\000E\000x\000p\000e\000r\000i\000e\000n\000c\000e}{section.2.5}% 17
\BOOKMARK [0][-]{chapter.3}{\376\377\000D\000a\000t\000a\000\040\000M\000o\000d\000e\000l\000i\000n\000g}{}% 18
\BOOKMARK [1][-]{section.3.1}{\376\377\000D\000a\000t\000a\000\040\000S\000o\000u\000r\000c\000e\000\040\000a\000n\000d\000\040\000V\000o\000l\000u\000m\000e}{chapter.3}% 19
\BOOKMARK [1][-]{section.3.2}{\376\377\000D\000o\000c\000u\000m\000e\000n\000t\000\040\000S\000t\000o\000r\000e\000:\000\040\000M\000o\000n\000g\000o\000D\000B}{chapter.3}% 20
\BOOKMARK [2][-]{subsection.3.2.1}{\376\377\000C\000o\000l\000l\000e\000c\000t\000i\000o\000n\000s\000\040\000O\000v\000e\000r\000v\000i\000e\000w}{section.3.2}% 21
\BOOKMARK [2][-]{subsection.3.2.2}{\376\377\000S\000c\000h\000e\000m\000a\000\040\000D\000e\000s\000i\000g\000n\000\040\000\050\000J\000S\000O\000N\000\051}{section.3.2}% 22
\BOOKMARK [1][-]{section.3.3}{\376\377\000G\000r\000a\000p\000h\000\040\000S\000t\000o\000r\000e\000:\000\040\000N\000e\000o\0004\000j}{chapter.3}% 23
\BOOKMARK [2][-]{subsection.3.3.1}{\376\377\000N\000o\000d\000e\000s\000\040\000a\000n\000d\000\040\000L\000a\000b\000e\000l\000s}{section.3.3}% 24
\BOOKMARK [2][-]{subsection.3.3.2}{\376\377\000R\000e\000l\000a\000t\000i\000o\000n\000s\000h\000i\000p\000s}{section.3.3}% 25
\BOOKMARK [1][-]{section.3.4}{\376\377\000P\000o\000l\000y\000g\000l\000o\000t\000\040\000P\000e\000r\000s\000i\000s\000t\000e\000n\000c\000e\000\040\000S\000t\000r\000a\000t\000e\000g\000y}{chapter.3}% 26
\BOOKMARK [2][-]{subsection.3.4.1}{\376\377\000S\000y\000n\000c\000h\000r\000o\000n\000i\000z\000a\000t\000i\000o\000n\000\040\000M\000a\000t\000r\000i\000x}{section.3.4}% 27
\BOOKMARK [2][-]{subsection.3.4.2}{\376\377\000E\000r\000r\000o\000r\000\040\000H\000a\000n\000d\000l\000i\000n\000g\000\040\000S\000t\000r\000a\000t\000e\000g\000y}{section.3.4}% 28
\BOOKMARK [0][-]{chapter.4}{\376\377\000I\000m\000p\000l\000e\000m\000e\000n\000t\000a\000t\000i\000o\000n}{}% 29
\BOOKMARK [1][-]{section.4.1}{\376\377\000T\000e\000c\000h\000n\000o\000l\000o\000g\000i\000e\000s\000\040\000a\000n\000d\000\040\000F\000r\000a\000m\000e\000w\000o\000r\000k\000s}{chapter.4}% 30
\BOOKMARK [1][-]{section.4.2}{\376\377\000D\000i\000r\000e\000c\000t\000o\000r\000y\000\040\000S\000t\000r\000u\000c\000t\000u\000r\000e\000\040\000a\000n\000d\000\040\000M\000o\000d\000u\000l\000e\000s}{chapter.4}% 31
\BOOKMARK [2][-]{subsection.4.2.1}{\376\377\000C\000o\000n\000f\000i\000g}{section.4.2}% 32
\BOOKMARK [2][-]{subsection.4.2.2}{\376\377\000C\000o\000n\000t\000r\000o\000l\000l\000e\000r\000s}{section.4.2}% 33
\BOOKMARK [2][-]{subsection.4.2.3}{\376\377\000D\000T\000O}{section.4.2}% 34
\BOOKMARK [2][-]{subsection.4.2.4}{\376\377\000M\000a\000p\000p\000e\000r\000s}{section.4.2}% 35
\BOOKMARK [2][-]{subsection.4.2.5}{\376\377\000M\000o\000d\000e\000l}{section.4.2}% 36
\BOOKMARK [2][-]{subsection.4.2.6}{\376\377\000R\000e\000p\000o\000s\000i\000t\000o\000r\000i\000e\000s}{section.4.2}% 37
\BOOKMARK [2][-]{subsection.4.2.7}{\376\377\000S\000e\000r\000v\000i\000c\000e\000s\000\040\000a\000n\000d\000\040\000A\000s\000y\000n\000c}{section.4.2}% 38
\BOOKMARK [2][-]{subsection.4.2.8}{\376\377\000U\000t\000i\000l\000s}{section.4.2}% 39
\BOOKMARK [2][-]{subsection.4.2.9}{\376\377\000V\000a\000l\000i\000d\000a\000t\000i\000o\000n}{section.4.2}% 40
\BOOKMARK [2][-]{subsection.4.2.10}{\376\377\000E\000x\000c\000e\000p\000t\000i\000o\000n\000s}{section.4.2}% 41
\BOOKMARK [1][-]{section.4.3}{\376\377\000M\000o\000n\000g\000o\000D\000B\000\040\000R\000e\000l\000e\000v\000a\000n\000t\000\040\000q\000u\000e\000r\000i\000e\000s}{chapter.4}% 42
\BOOKMARK [2][-]{subsection.4.3.1}{\376\377\000R\000a\000n\000k\000i\000n\000g}{section.4.3}% 43
\BOOKMARK [2][-]{subsection.4.3.2}{\376\377\000R\000e\000v\000a\000l\000u\000a\000t\000i\000o\000n}{section.4.3}% 44
\BOOKMARK [2][-]{subsection.4.3.3}{\376\377\000Y\000e\000a\000r\000l\000y\000\040\000W\000r\000a\000p\000p\000e\000d}{section.4.3}% 45
\BOOKMARK [1][-]{section.4.4}{\376\377\000N\000e\000o\0004\000j\000\040\000R\000e\000l\000e\000v\000a\000n\000t\000\040\000Q\000u\000e\000r\000i\000e\000s}{chapter.4}% 46
\BOOKMARK [2][-]{subsection.4.4.1}{\376\377\000U\000s\000e\000r\000\040\000R\000e\000c\000o\000m\000m\000e\000n\000d\000a\000t\000i\000o\000n\000s}{section.4.4}% 47
\BOOKMARK [2][-]{subsection.4.4.2}{\376\377\000I\000n\000t\000e\000r\000n\000a\000t\000i\000o\000n\000a\000l\000i\000t\000y\000\040\000I\000n\000d\000e\000x}{section.4.4}% 48
\BOOKMARK [2][-]{subsection.4.4.3}{\376\377\000G\000e\000n\000r\000e\000\040\000I\000n\000f\000l\000u\000e\000n\000c\000e\000r}{section.4.4}% 49
\BOOKMARK [1][-]{section.4.5}{\376\377\000A\000P\000I\000\040\000D\000o\000c\000u\000m\000e\000n\000t\000a\000t\000i\000o\000n}{chapter.4}% 50
\BOOKMARK [2][-]{subsection.4.5.1}{\376\377\000A\000P\000I\000\040\000e\000n\000d\000p\000o\000i\000n\000t}{section.4.5}% 51
\BOOKMARK [2][-]{subsection.4.5.2}{\376\377\000A\000P\000I\000\040\000E\000x\000a\000m\000p\000l\000e\000s}{section.4.5}% 52
\BOOKMARK [0][-]{chapter.5}{\376\377\000D\000a\000t\000a\000b\000a\000s\000e\000s\000\040\000C\000h\000o\000i\000c\000e\000s\000\040\000a\000n\000d\000\040\000D\000i\000s\000t\000r\000i\000b\000u\000t\000e\000d\000\040\000A\000r\000c\000h\000i\000t\000e\000c\000t\000u\000r\000e}{}% 53
\BOOKMARK [1][-]{section.5.1}{\376\377\000P\000o\000l\000y\000g\000l\000o\000t\000\040\000P\000e\000r\000s\000i\000s\000t\000e\000n\000c\000e\000\040\000S\000t\000r\000a\000t\000e\000g\000y}{chapter.5}% 54
\BOOKMARK [1][-]{section.5.2}{\376\377\000I\000n\000d\000e\000x\000e\000s\000\040\000J\000u\000s\000t\000i\000f\000i\000c\000a\000t\000i\000o\000n\000\040\000a\000n\000d\000\040\000V\000a\000l\000i\000d\000a\000t\000i\000o\000n}{chapter.5}% 55
\BOOKMARK [2][-]{subsection.5.2.1}{\376\377\000M\000o\000n\000g\000o\000D\000B\000\040\000I\000n\000d\000e\000x\000e\000s}{section.5.2}% 56
\BOOKMARK [2][-]{subsection.5.2.2}{\376\377\000N\000e\000o\0004\000j\000\040\000I\000n\000d\000e\000x\000e\000s}{section.5.2}% 57
\BOOKMARK [1][-]{section.5.3}{\376\377\000V\000i\000r\000t\000u\000a\000l\000\040\000M\000a\000c\000h\000i\000n\000e\000\040\000O\000r\000g\000a\000n\000i\000z\000a\000t\000i\000o\000n\000\040\000a\000n\000d\000\040\000R\000e\000p\000l\000i\000c\000a\000\040\000S\000e\000t\000s}{chapter.5}% 58
\BOOKMARK [2][-]{subsection.5.3.1}{\376\377\000D\000o\000c\000u\000m\000e\000n\000t\000\040\000D\000a\000t\000a\000b\000a\000s\000e\000\040\000D\000e\000p\000l\000o\000y\000m\000e\000n\000t}{section.5.3}% 59
\BOOKMARK [2][-]{subsection.5.3.2}{\376\377\000G\000r\000a\000p\000h\000\040\000D\000a\000t\000a\000b\000a\000s\000e\000\040\000D\000e\000p\000l\000o\000y\000m\000e\000n\000t}{section.5.3}% 60
\BOOKMARK [1][-]{section.5.4}{\376\377\000S\000h\000a\000r\000d\000i\000n\000g\000\040\000S\000t\000r\000a\000t\000e\000g\000y}{chapter.5}% 61
\BOOKMARK [1][-]{section.5.5}{\376\377\000C\000A\000P\000\040\000T\000h\000e\000o\000r\000e\000m\000\040\000C\000o\000n\000s\000i\000d\000e\000r\000a\000t\000i\000o\000n\000s}{chapter.5}% 62
\BOOKMARK [1][-]{section.5.6}{\376\377\000I\000n\000t\000e\000r\000-\000D\000a\000t\000a\000b\000a\000s\000e\000\040\000C\000o\000n\000s\000i\000s\000t\000e\000n\000c\000y}{chapter.5}% 63
\BOOKMARK [2][-]{subsection.5.6.1}{\376\377\000E\000v\000e\000n\000t\000u\000a\000l\000\040\000C\000o\000n\000s\000i\000s\000t\000e\000n\000c\000y\000\040\000v\000i\000a\000\040\000@\000A\000s\000y\000n\000c}{section.5.6}% 64
\BOOKMARK [2][-]{subsection.5.6.2}{\376\377\000R\000e\000s\000i\000l\000i\000e\000n\000c\000e\000\040\000w\000i\000t\000h\000\040\000@\000R\000e\000t\000r\000y\000a\000b\000l\000e}{section.5.6}% 65
\BOOKMARK [0][-]{chapter.6}{\376\377\000S\000y\000s\000t\000e\000m\000\040\000T\000e\000s\000t\000i\000n\000g\000\040\000a\000n\000d\000\040\000P\000e\000r\000f\000o\000r\000m\000a\000n\000c\000e\000\040\000E\000v\000a\000l\000u\000a\000t\000i\000o\000n}{}% 66
\BOOKMARK [1][-]{section.6.1}{\376\377\000I\000n\000t\000r\000o\000d\000u\000c\000t\000i\000o\000n}{chapter.6}% 67
\BOOKMARK [1][-]{section.6.2}{\376\377\000J\000a\000v\000a\000-\000b\000a\000s\000e\000d\000\040\000T\000e\000s\000t\000i\000n\000g\000\040\000S\000t\000r\000a\000t\000e\000g\000y}{chapter.6}% 68
\BOOKMARK [2][-]{subsection.6.2.1}{\376\377\000U\000n\000i\000t\000\040\000T\000e\000s\000t\000i\000n\000g}{section.6.2}% 69
\BOOKMARK [2][-]{subsection.6.2.2}{\376\377\000I\000n\000t\000e\000g\000r\000a\000t\000i\000o\000n\000\040\000T\000e\000s\000t\000i\000n\000g}{section.6.2}% 70
\BOOKMARK [1][-]{section.6.3}{\376\377\000A\000P\000I\000\040\000P\000e\000r\000f\000o\000r\000m\000a\000n\000c\000e\000\040\000T\000e\000s\000t\000i\000n\000g\000\040\000v\000i\000a\000\040\000P\000o\000s\000t\000m\000a\000n}{chapter.6}% 71
\BOOKMARK [2][-]{subsection.6.3.1}{\376\377\000R\000e\000a\000d\000\040\000P\000e\000r\000f\000o\000r\000m\000a\000n\000c\000e\000\040\000S\000c\000e\000n\000a\000r\000i\000o\000s}{section.6.3}% 72
\BOOKMARK [2][-]{subsection.6.3.2}{\376\377\000W\000r\000i\000t\000e\000\040\000P\000e\000r\000f\000o\000r\000m\000a\000n\000c\000e\000\040\000S\000c\000e\000n\000a\000r\000i\000o\000s}{section.6.3}% 73
\BOOKMARK [1][-]{section.6.4}{\376\377\000C\000o\000n\000c\000l\000u\000s\000i\000o\000n}{chapter.6}% 74
